2026-09-27 22:27:38 | INFO    | FlashEats pipeline v1.0.0 run_id=run_weekly_2026-08-15_2026-08-21 source_root=B:\Trimester-9\FDE\assignment-2\source_systems config=B:\Trimester-9\FDE\assignment-2\config\pipeline.yaml
2026-09-27 22:27:38 | INFO    | ==============================================================================
2026-09-27 22:27:38 | INFO    | STAGE 1/10 INGEST + RAW PRESERVATION  [period 2026-08-15..2026-08-21]
2026-09-27 22:27:38 | INFO    | ==============================================================================
2026-09-27 22:27:38 | INFO    | SQL extract orders_extract         table=orders       rows=  412 cols=13 -> orders_extract.csv
2026-09-27 22:27:38 | INFO    | SQL extract restaurants_extract    table=restaurants  rows=   60 cols=6 -> restaurants_extract.csv
2026-09-27 22:27:38 | INFO    | SQL extract drivers_extract        table=drivers      rows=  120 cols=4 -> drivers_extract.csv
2026-09-27 22:27:38 | INFO    | SQL extract customers_extract      table=customers    rows=  900 cols=3 -> customers_extract.csv
2026-09-27 22:27:38 | INFO    | CSV  tickets                rows=  202 cols= 5 malformed=0 extra=['customer_message'] sha256=ee2f43a9d69e
2026-09-27 22:27:38 | INFO    | CSV  restaurant_status      rows=  502 cols= 4 malformed=0 extra=- sha256=6551c775e4ec
2026-09-27 22:27:38 | INFO    | CSV  app_actions            rows= 2365 cols= 6 malformed=0 extra=['channel'] sha256=154a6640ab93
2026-09-27 22:27:38 | INFO    | CSV  interventions          rows=  430 cols= 6 malformed=0 extra=['reason'] sha256=d66af21244f9
2026-09-27 22:27:39 | INFO    | CSV  order_outcomes_ref     rows= 1600 cols= 6 malformed=0 extra=['final_status_norm', 'delivered_flag', 'outcome_bucket'] sha256=dbe10b2f532b
2026-09-27 22:27:39 | INFO    | JSON driver_events          top-level=list items=120 sha256=8102eaec0ec2
2026-09-27 22:27:39 | INFO    | JSON client_metric_definitions top-level=dict items=4 sha256=2c5e4e37f7dc
2026-09-27 22:27:40 | INFO    | weather live: 192 hourly observations 2026-08-15T00:00:00 -> 2026-08-22T23:00:00, retries=0
2026-09-27 22:27:40 | INFO    | API page=  1 rows=100 running_total=  100 has_more=True
2026-09-27 22:27:40 | INFO    | API page=  2 rows=100 running_total=  200 has_more=True
2026-09-27 22:27:40 | INFO    | API page=  3 rows=100 running_total=  300 has_more=True
2026-09-27 22:27:40 | INFO    | API page=  4 rows=100 running_total=  400 has_more=True
2026-09-27 22:27:40 | INFO    | API page=  5 rows=100 running_total=  500 has_more=True
2026-09-27 22:27:40 | INFO    | API page=  6 rows=100 running_total=  600 has_more=True
2026-09-27 22:27:40 | INFO    | API page=  7 rows=100 running_total=  700 has_more=True
2026-09-27 22:27:40 | INFO    | API page=  8 rows=100 running_total=  800 has_more=True
2026-09-27 22:27:40 | INFO    | API page=  9 rows=100 running_total=  900 has_more=True
2026-09-27 22:27:40 | INFO    | API page= 10 rows=100 running_total= 1000 has_more=True
2026-09-27 22:27:40 | INFO    | API page= 11 rows=100 running_total= 1100 has_more=True
2026-09-27 22:27:40 | INFO    | API page= 12 rows=100 running_total= 1200 has_more=True
2026-09-27 22:27:40 | INFO    | API page= 13 rows=100 running_total= 1300 has_more=True
2026-09-27 22:27:40 | INFO    | API page= 14 rows=100 running_total= 1400 has_more=True
2026-09-27 22:27:40 | INFO    | API page= 15 rows=100 running_total= 1500 has_more=True
2026-09-27 22:27:40 | INFO    | API page= 16 rows=100 running_total= 1600 has_more=False
2026-09-27 22:27:40 | INFO    | API ingestion COMPLETE: pages=16 records=1600 unique=1600 expected=1600 retries=0
2026-09-27 22:27:40 | INFO    | control totals PASS: orders_rows 1603/1603; unique_orders 1600/1600; support_tickets_rows 202/202; dispatch_records 1600/1600; drivers 120/120; restaurants 60/60
2026-09-27 22:27:40 | INFO    | ==============================================================================
2026-09-27 22:27:40 | INFO    | STAGE 2/10 PROFILE (raw)
2026-09-27 22:27:40 | INFO    | ==============================================================================
2026-09-27 22:27:41 | INFO    | profile orders             rows=   412 dup_key=  0 exact_dup=  0 
2026-09-27 22:27:41 | INFO    | profile restaurants        rows=    60 dup_key=  0 exact_dup=  0 
2026-09-27 22:27:41 | INFO    | profile drivers            rows=   120 dup_key=  0 exact_dup=  0 
2026-09-27 22:27:41 | INFO    | profile customers          rows=   900 dup_key=  0 exact_dup=  0 
2026-09-27 22:27:41 | INFO    | profile tickets            rows=   202 dup_key=  1 exact_dup=  1 1 rows share an existing ticket_id (grain is not one row per ticket_id); 1 rows are exact duplicates
2026-09-27 22:27:41 | INFO    | profile restaurant_status  rows=   502 dup_key=  0 exact_dup=  2 2 rows are exact duplicates
2026-09-27 22:27:41 | INFO    | profile app_actions        rows=  2365 dup_key=  0 exact_dup=  0 
2026-09-27 22:27:41 | INFO    | profile interventions      rows=   430 dup_key=  0 exact_dup=  0 
2026-09-27 22:27:41 | INFO    | profile order_outcomes_ref rows=  1600 dup_key=  0 exact_dup=  0 
2026-09-27 22:27:41 | INFO    | profile driver_events      rows= 10035 dup_key=  0 exact_dup=  0 
2026-09-27 22:27:41 | INFO    | profile weather_obs        rows=   192 dup_key=  0 exact_dup=  0 
2026-09-27 22:27:41 | INFO    | profile dispatch           rows=  1600 dup_key=  0 exact_dup=  0 
2026-09-27 22:27:41 | INFO    | ==============================================================================
2026-09-27 22:27:41 | INFO    | STAGE 3/10 CLEAN / STANDARDISE
2026-09-27 22:27:41 | INFO    | ==============================================================================
2026-09-27 22:27:41 | INFO    | clean orders           raw=  412 -> clean=  412
2026-09-27 22:27:41 | INFO    | clean restaurants      raw=   60 -> clean=   60
2026-09-27 22:27:41 | INFO    | clean drivers          raw=  120 -> clean=  120
2026-09-27 22:27:41 | INFO    | clean customers        raw=  900 -> clean=  900
2026-09-27 22:27:41 | INFO    | clean tickets          raw=  202 -> clean=  201
2026-09-27 22:27:41 | INFO    | clean restaurant_status raw=  502 -> clean=  500
2026-09-27 22:27:41 | INFO    | clean app_actions      raw= 2365 -> clean= 2365
2026-09-27 22:27:42 | INFO    | clean interventions    raw=  430 -> clean=  430
2026-09-27 22:27:42 | INFO    | clean driver_events    raw=10035 -> clean=10035
2026-09-27 22:27:42 | INFO    | clean weather_obs      raw=  192 -> clean=  192
2026-09-27 22:27:42 | INFO    | clean dispatch         raw= 1600 -> clean= 1600
2026-09-27 22:27:42 | INFO    |   action tickets          category               normalise_category (trim, case, spaces->_)              n=2 'ETA issue'->'eta_issue'; 'Late Delivery'->'late_delivery'
2026-09-27 22:27:42 | INFO    |   action tickets          *                      drop_exact_duplicate_rows                               n=1 
2026-09-27 22:27:42 | INFO    |   action restaurant_status status                 normalise_category (trim, case, spaces->_)              n=2 'READY'->'ready'; 'Ready'->'ready'
2026-09-27 22:27:42 | INFO    |   action restaurant_status *                      drop_exact_duplicate_rows                               n=2 
2026-09-27 22:27:42 | WARNING |   unexpected categories in tickets.category: {'eta_issue': 1} (retained + flagged)
2026-09-27 22:27:42 | WARNING |   unexpected categories in restaurant_status.status: {'handoff': 1} (retained + flagged)
2026-09-27 22:27:42 | INFO    | period scope 2026-08-15..2026-08-21: 412 orders in window
2026-09-27 22:27:42 | INFO    | ==============================================================================
2026-09-27 22:27:42 | INFO    | STAGE 4/10 VALIDATE (business rules)
2026-09-27 22:27:42 | INFO    | ==============================================================================
2026-09-27 22:27:42 | INFO    | rule GR-01  PASS    viol=    0 /   412  One row per business order
2026-09-27 22:27:42 | INFO    | rule ID-01  PASS    viol=    0 /   412  order_id present and well-formed
2026-09-27 22:27:42 | INFO    | rule ID-02  PASS    viol=    0 /   412  orders.customer_id maps to a known customer
2026-09-27 22:27:42 | INFO    | rule ID-03  WARN    viol=    2 /   412  orders.restaurant_id maps to a known restaurant
2026-09-27 22:27:42 | INFO    | rule ID-04  WARN    viol=    1 /   412  orders.driver_id maps to a known driver
2026-09-27 22:27:42 | INFO    | rule ID-05  PASS    viol=    0 /    48  tickets.order_id maps to an order
2026-09-27 22:27:42 | INFO    | rule ID-06  PASS    viol=    0 /   122  restaurant_status rows map to an order and agree on the restaurant
2026-09-27 22:27:42 | INFO    | rule ID-07  PASS    viol=    0 /   588  app actions map to an order and its customer
2026-09-27 22:27:42 | INFO    | rule ID-08  PASS    viol=    0 /   117  interventions map to an order
2026-09-27 22:27:42 | INFO    | rule ID-09  PASS    viol=    0 /   412  orders and Dispatch cover each other
2026-09-27 22:27:42 | INFO    | rule ID-10  PASS    viol=    0 /  2572  driver events map to an order
2026-09-27 22:27:42 | INFO    | rule ST-01  PASS    viol=    0 /   412  final_status uses an agreed vocabulary
2026-09-27 22:27:42 | INFO    | rule ST-02  PASS    viol=    0 /   412  traffic_bucket uses an agreed vocabulary
2026-09-27 22:27:42 | INFO    | rule ST-03  PASS    viol=    0 /   412  weather_bucket uses an agreed vocabulary
2026-09-27 22:27:42 | INFO    | rule ST-04  WARN    viol=    0 /   122  restaurant status uses an agreed vocabulary
2026-09-27 22:27:42 | INFO    | rule ST-05  WARN    viol=    0 /    48  ticket category uses an agreed vocabulary
2026-09-27 22:27:42 | INFO    | rule ST-06  PASS    viol=    0 /   588  app action_type uses an agreed vocabulary
2026-09-27 22:27:42 | INFO    | rule ST-07  PASS    viol=    0 /   117  intervention_type uses an agreed vocabulary
2026-09-27 22:27:42 | INFO    | rule ST-08  PASS    viol=    0 /   412  dispatch_status uses an agreed vocabulary
2026-09-27 22:27:42 | INFO    | rule ST-09  PASS    viol=    0 /  2572  driver event type uses an agreed vocabulary
2026-09-27 22:27:42 | INFO    | rule TS-00  PASS    viol=    0 /   412  KPI timestamps are parseable
2026-09-27 22:27:42 | INFO    | rule TS-01  PASS    viol=    0 /   412  Promised ETA is after order creation
2026-09-27 22:27:42 | INFO    | rule TS-02  WARN    viol=    1 /   412  Delivery happens after pickup
2026-09-27 22:27:42 | INFO    | rule TS-03  PASS    viol=    0 /   412  Pickup happens after order creation
2026-09-27 22:27:42 | INFO    | rule TS-04  WARN    viol=    7 /   412  Delivered orders carry an actual delivery time
2026-09-27 22:27:42 | INFO    | rule TS-05  PASS    viol=    0 /   412  Cancelled orders carry no delivery time
2026-09-27 22:27:42 | INFO    | rule TS-06  PASS    viol=    0 /   412  Dispatch chronology (created <= assigned <= reassigned)
2026-09-27 22:27:42 | INFO    | rule TS-07  WARN    viol=    4 /   412  Driver-event chronology (assigned <= picked_up <= delivered)
2026-09-27 22:27:42 | INFO    | rule RG-01  PASS    viol=    0 /   412  Delivery distance is plausible
2026-09-27 22:27:42 | INFO    | rule RG-02  WARN    viol=    2 /    60  Restaurant coordinates are inside the service area
2026-09-27 22:27:42 | INFO    | rule RG-03  WARN    viol=   41 /  1374  GPS pings are inside the service area
2026-09-27 22:27:42 | INFO    | rule RG-04  PASS    viol=    0 /   120  Driver attributes in range
2026-09-27 22:27:42 | INFO    | rule CX-01  WARN    viol=   23 /   412  orders.driver_id agrees with Dispatch's final driver
2026-09-27 22:27:42 | INFO    | rule CX-02  WARN    viol=    1 /   393  orders.pickup_at agrees with the driver picked_up event
2026-09-27 22:27:42 | INFO    | rule CX-03  WARN    viol=   53 /    56  Intervention log agrees with Dispatch reassignments
2026-09-27 22:27:42 | INFO    | rule FR-01  WARN    viol=    4 /   122  Restaurant status updates are fresh enough for the intended use
2026-09-27 22:27:42 | INFO    | rule WX-01  WARN    viol=  160 /   412  Order weather label agrees with independently observed rainfall
2026-09-27 22:27:42 | INFO    | rule KPI-01 UNKNOWN viol=    0 /     0  'Late' has one agreed definition and owner
2026-09-27 22:27:42 | INFO    | ==============================================================================
2026-09-27 22:27:42 | INFO    | STAGE 5/10 BUSINESS MODEL
2026-09-27 22:27:42 | INFO    | ==============================================================================
2026-09-27 22:27:42 | INFO    | model dim_customer       rows=   900 cols=  3
2026-09-27 22:27:42 | INFO    | model dim_restaurant     rows=    60 cols=  7
2026-09-27 22:27:42 | INFO    | model dim_driver         rows=   120 cols=  4
2026-09-27 22:27:42 | INFO    | model fact_order         rows=   412 cols= 52
2026-09-27 22:27:42 | INFO    | model fact_event         rows=  5504 cols=  7
2026-09-27 22:27:42 | INFO    | model fact_interaction   rows=   636 cols=  8
2026-09-27 22:27:42 | INFO    | model fact_intervention  rows=   117 cols=  9
2026-09-27 22:27:42 | INFO    | model order_journey      rows=   412 cols= 33
2026-09-27 22:27:42 | INFO    | join-check fact_order <- dispatch                               left=  412 right=  412 result=  412 preserved=True
2026-09-27 22:27:42 | INFO    | join-check fact_order <- driver_events (aggregated)             left=  412 right=  412 result=  412 preserved=True
2026-09-27 22:27:42 | INFO    | join-check order_journey <- app_actions (aggregated)            left=  412 right=  286 result=  412 preserved=True
2026-09-27 22:27:42 | INFO    | join-check order_journey <- tickets (aggregated)                left=  412 right=   48 result=  412 preserved=True
2026-09-27 22:27:42 | INFO    | join-check order_journey <- interventions (aggregated)          left=  412 right=  117 result=  412 preserved=True
2026-09-27 22:27:43 | INFO    | ==============================================================================
2026-09-27 22:27:43 | INFO    | STAGE 6/10 METRICS
2026-09-27 22:27:43 | INFO    | ==============================================================================
2026-09-27 22:27:43 | INFO    | metric M1   Late delivery rate (validated population)                              = 55.58 % (n=214/385)
2026-09-27 22:27:43 | INFO    | metric M1a  Late delivery rate (historical dashboard definition)                   = 55.44 % (n=214/386)
2026-09-27 22:27:43 | INFO    | metric M1b  Meaningfully late rate (> 10 min)                                      = 22.6 % (n=87/385)
2026-09-27 22:27:43 | INFO    | metric M1c  Late delivery rate (sensitivity: back-fill missing delivery time from  = 56.12 % (n=220/392)
2026-09-27 22:27:43 | INFO    | metric M2   Median lateness among late orders                                      = 8.3 min (n=None/214)
2026-09-27 22:27:43 | INFO    | metric M2a  P90 delay across all validated deliveries                              = 18.8 min (n=None/385)
2026-09-27 22:27:43 | INFO    | metric M2b  Worst single delay                                                     = 36.3 min (n=None/385)
2026-09-27 22:27:43 | INFO    | metric M3   Share of lateness accumulated before pickup (vs in transit)            = 99.53 % (n=3335.3/3351.0)
2026-09-27 22:27:43 | INFO    | metric M3a  Median pre-pickup overrun on late orders                               = 13.8 min (n=None/214)
2026-09-27 22:27:43 | INFO    | metric M3b  Median transit overrun on late orders                                  = -5.5 min (n=None/214)
2026-09-27 22:27:43 | INFO    | metric M4   Support contact rate on late orders                                    = 29.91 % (n=64/214)
2026-09-27 22:27:43 | INFO    | metric M4a  Support contact rate on on-time orders                                 = 5.26 % (n=9/171)
2026-09-27 22:27:43 | INFO    | metric M4b  Frustrated journeys with no intervention                               = 54 orders (n=54/73)
2026-09-27 22:27:43 | INFO    | metric M4c  Median ETA views per order (late vs on-time)                           = 1 vs 1 views (n=None/None)
2026-09-27 22:27:43 | INFO    | metric M5   Intervention coverage of delivered orders                              = 28.31 % (n=109/385)
2026-09-27 22:27:43 | INFO    | metric M5a  Late rate WITH an intervention                                         = 59.63 % (n=65/109)
2026-09-27 22:27:43 | INFO    | metric M5b  Late rate WITHOUT an intervention                                      = 53.99 % (n=149/276)
2026-09-27 22:27:43 | INFO    | metric M5c  Most common intervention type                                          = DRIVER_REASSIGNMENT (36) type (n=36/117)
2026-09-27 22:27:43 | INFO    | check PASS    KPI denominator > 0 | validated population = 385
2026-09-27 22:27:43 | INFO    | check PASS    late + on-time == validated population | 214 + 171 == 385
2026-09-27 22:27:43 | INFO    | check PASS    outcome buckets sum to unique orders | 412 == 412
2026-09-27 22:27:43 | INFO    | check PASS    stage decomposition is exact (pre-pickup + transit overrun == delay) | max abs residual = 0.010 min over 385 orders
2026-09-27 22:27:43 | INFO    | check PASS    independent reconciliation vs client order_outcomes.csv (historical definition) | pipeline late=214 vs reference late=214; max |delay diff| = 0.000 min over 386 orders
2026-09-27 22:27:43 | INFO    | check PASS    join cardinality: fact_order <- dispatch | left=412 right=412 result=412 (right duplicates dropped=0)
2026-09-27 22:27:43 | INFO    | check PASS    join cardinality: fact_order <- driver_events (aggregated) | left=412 right=412 result=412 (right duplicates dropped=0)
2026-09-27 22:27:43 | INFO    | check PASS    join cardinality: order_journey <- app_actions (aggregated) | left=412 right=286 result=412 (right duplicates dropped=0)
2026-09-27 22:27:43 | INFO    | check PASS    join cardinality: order_journey <- tickets (aggregated) | left=412 right=48 result=412 (right duplicates dropped=0)
2026-09-27 22:27:43 | INFO    | check PASS    join cardinality: order_journey <- interventions (aggregated) | left=412 right=117 result=412 (right duplicates dropped=0)
2026-09-27 22:27:43 | INFO    | independent SQL check PASS: {'valid_delivered': 385.0, 'late_orders': 214.0, 'late_rate_pct': 55.58, 'late_over_10_orders': 87.0}
2026-09-27 22:27:43 | INFO    | ==============================================================================
2026-09-27 22:27:43 | INFO    | STAGE 7/10 DECISION LAYER (beyond the classroom)
2026-09-27 22:27:43 | INFO    | ==============================================================================
2026-09-27 22:27:44 | INFO    | insight D1 A proactive trigger that works today, without AI | Alerting when an order is still not picked up 10 min after Dispatch's own estimated pickup catches 71.5% of late orders with 96.8% precision on the he
2026-09-27 22:27:44 | INFO    | insight D2 The promise is optimistic before the food even leaves | Dispatch's pickup estimate is short by a median 8.2 min (planned 18.0 min vs actual 26.2 min from order to pickup). Reaching 80% on-time by padding al
2026-09-27 22:27:44 | INFO    | insight D3 Do not publish a restaurant or driver blame list | Only 0 of 0 judgeable restaurants (none) and 0 of 1 drivers are statistically worse than the fleet; a naive top-10 list would name 10 restaurants, of 
2026-09-27 22:27:44 | INFO    | insight D4 The weather label does not match the weather | Against Open-Meteo's observed hourly rainfall, the client's weather_bucket agrees 61.2% of the time (Cohen's kappa 0.002, i.e. no better than chance).
2026-09-27 22:27:44 | INFO    | insight D5 GPS pings look drawn, not measured - they cannot show arrival at the restaurant | Before pickup, the last ping is FARTHER from the restaurant than the first in 100.0% of orders (closer in only 0.0%) - a rider cannot leave with the f
2026-09-27 22:27:46 | INFO    | ==============================================================================
2026-09-27 22:27:46 | INFO    | STAGE 8/10 VALIDATION GATE
2026-09-27 22:27:46 | INFO    | ==============================================================================
2026-09-27 22:27:47 | INFO    | run comparison PASS: KPI moved +0.00 pp vs run_weekly_2026-08-15_2026-08-21 (its previous publication, 2026-09-27T22:03:55); no rule got worse; 0/45 deterministic outputs byte-identical
2026-09-27 22:27:47 | INFO    | gate PASS     Retrieval completeness
2026-09-27 22:27:47 | INFO    | gate PASS     Business grain (one row per order)
2026-09-27 22:27:47 | WARNING | gate WARN     Timestamp chronology & completeness
2026-09-27 22:27:47 | WARNING | gate UNKNOWN  KPI definition ownership
2026-09-27 22:27:47 | WARNING | gate WARN     Category semantics
2026-09-27 22:27:47 | WARNING | gate WARN     Cross-source mapping
2026-09-27 22:27:47 | WARNING | gate WARN     Freshness (restaurant status feed)
2026-09-27 22:27:47 | INFO    | gate PASS     Metric sanity & independent checks
2026-09-27 22:27:47 | WARNING | gate WARN     Independent cross-check (observed weather vs client label)
2026-09-27 22:27:47 | INFO    | gate PASS     Run-over-run stability (vs last published run)
2026-09-27 22:27:47 | INFO    | GATE OVERALL = WARN | PUBLISH WITH CAVEATS: late delivery rate = 55.58% of 385 validated deliveries (historical definition: 55.44%). State the definition, the excluded orders and the unresolved owner questions next to the number.
2026-09-27 22:27:47 | INFO    | ==============================================================================
2026-09-27 22:27:47 | INFO    | STAGE 9/10 DECISION MEMO
2026-09-27 22:27:47 | INFO    | ==============================================================================
2026-09-27 22:27:47 | INFO    | ==============================================================================
2026-09-27 22:27:47 | INFO    | STAGE 10/10 OUTPUTS
2026-09-27 22:27:47 | INFO    | ==============================================================================
