2026-09-25 17:36:25 | INFO    | FlashEats pipeline v1.0.0 run_id=run_example source_root=B:\Trimester-9\FDE\assignment-2\source_systems
2026-09-25 17:36:28 | INFO    | Started mock Dispatch API (pid 15728) at http://127.0.0.1:8000
2026-09-25 17:36:28 | INFO    | ==============================================================================
2026-09-25 17:36:28 | INFO    | STAGE 1/8 INGEST + RAW PRESERVATION
2026-09-25 17:36:28 | INFO    | ==============================================================================
2026-09-25 17:36:28 | INFO    | SQL extract orders_extract         table=orders       rows= 1603 cols=13 -> orders_extract.csv
2026-09-25 17:36:28 | INFO    | SQL extract restaurants_extract    table=restaurants  rows=   60 cols=6 -> restaurants_extract.csv
2026-09-25 17:36:28 | INFO    | SQL extract drivers_extract        table=drivers      rows=  120 cols=4 -> drivers_extract.csv
2026-09-25 17:36:28 | INFO    | SQL extract customers_extract      table=customers    rows=  900 cols=3 -> customers_extract.csv
2026-09-25 17:36:28 | INFO    | CSV  tickets                rows=  202 cols= 5 malformed=0 extra=['customer_message'] sha256=ee2f43a9d69e
2026-09-25 17:36:28 | INFO    | CSV  restaurant_status      rows=  502 cols= 4 malformed=0 extra=- sha256=6551c775e4ec
2026-09-25 17:36:28 | INFO    | CSV  app_actions            rows= 2365 cols= 6 malformed=0 extra=['channel'] sha256=154a6640ab93
2026-09-25 17:36:28 | INFO    | CSV  interventions          rows=  430 cols= 6 malformed=0 extra=['reason'] sha256=d66af21244f9
2026-09-25 17:36:28 | INFO    | CSV  order_outcomes_ref     rows= 1600 cols= 6 malformed=0 extra=['final_status_norm', 'delivered_flag', 'outcome_bucket'] sha256=dbe10b2f532b
2026-09-25 17:36:28 | INFO    | JSON driver_events          top-level=list items=120 sha256=8102eaec0ec2
2026-09-25 17:36:29 | INFO    | API page=  1 rows=100 running_total=  100 has_more=True
2026-09-25 17:36:29 | INFO    | API page=  2 rows=100 running_total=  200 has_more=True
2026-09-25 17:36:29 | WARNING | API page=3 attempt=1 HTTP 500 - retrying in 0.5s
2026-09-25 17:36:29 | INFO    | API page=  3 rows=100 running_total=  300 has_more=True
2026-09-25 17:36:29 | INFO    | API page=  4 rows=100 running_total=  400 has_more=True
2026-09-25 17:36:29 | WARNING | API page=5 attempt=1 HTTP 429 - retrying in 1.0s
2026-09-25 17:36:30 | INFO    | API page=  5 rows=100 running_total=  500 has_more=True
2026-09-25 17:36:30 | INFO    | API page=  6 rows=100 running_total=  600 has_more=True
2026-09-25 17:36:30 | INFO    | API page=  7 rows=100 running_total=  700 has_more=True
2026-09-25 17:36:30 | INFO    | API page=  8 rows=100 running_total=  800 has_more=True
2026-09-25 17:36:30 | INFO    | API page=  9 rows=100 running_total=  900 has_more=True
2026-09-25 17:36:30 | INFO    | API page= 10 rows=100 running_total= 1000 has_more=True
2026-09-25 17:36:30 | INFO    | API page= 11 rows=100 running_total= 1100 has_more=True
2026-09-25 17:36:30 | INFO    | API page= 12 rows=100 running_total= 1200 has_more=True
2026-09-25 17:36:30 | INFO    | API page= 13 rows=100 running_total= 1300 has_more=True
2026-09-25 17:36:30 | INFO    | API page= 14 rows=100 running_total= 1400 has_more=True
2026-09-25 17:36:30 | INFO    | API page= 15 rows=100 running_total= 1500 has_more=True
2026-09-25 17:36:30 | INFO    | API page= 16 rows=100 running_total= 1600 has_more=False
2026-09-25 17:36:30 | INFO    | API ingestion COMPLETE: pages=16 records=1600 unique=1600 expected=1600 retries=2
2026-09-25 17:36:30 | INFO    | ==============================================================================
2026-09-25 17:36:30 | INFO    | STAGE 2/8 PROFILE (raw)
2026-09-25 17:36:30 | INFO    | ==============================================================================
2026-09-25 17:36:31 | INFO    | profile orders             rows=  1603 dup_key=  3 exact_dup=  0 3 rows share an existing order_id (grain is not one row per order_id)
2026-09-25 17:36:31 | INFO    | profile restaurants        rows=    60 dup_key=  0 exact_dup=  0 
2026-09-25 17:36:31 | INFO    | profile drivers            rows=   120 dup_key=  0 exact_dup=  0 
2026-09-25 17:36:31 | INFO    | profile customers          rows=   900 dup_key=  0 exact_dup=  0 
2026-09-25 17:36:31 | INFO    | profile tickets            rows=   202 dup_key=  1 exact_dup=  1 1 rows share an existing ticket_id (grain is not one row per ticket_id); 1 rows are exact duplicates
2026-09-25 17:36:31 | INFO    | profile restaurant_status  rows=   502 dup_key=  0 exact_dup=  2 2 rows are exact duplicates
2026-09-25 17:36:31 | INFO    | profile app_actions        rows=  2365 dup_key=  0 exact_dup=  0 
2026-09-25 17:36:31 | INFO    | profile interventions      rows=   430 dup_key=  0 exact_dup=  0 
2026-09-25 17:36:31 | INFO    | profile order_outcomes_ref rows=  1600 dup_key=  0 exact_dup=  0 
2026-09-25 17:36:31 | INFO    | profile driver_events      rows= 10035 dup_key=  0 exact_dup=  0 
2026-09-25 17:36:31 | INFO    | profile dispatch           rows=  1600 dup_key=  0 exact_dup=  0 
2026-09-25 17:36:31 | INFO    | ==============================================================================
2026-09-25 17:36:31 | INFO    | STAGE 3/8 CLEAN / STANDARDISE
2026-09-25 17:36:31 | INFO    | ==============================================================================
2026-09-25 17:36:32 | INFO    | clean orders           raw= 1603 -> clean= 1600
2026-09-25 17:36:32 | INFO    | clean restaurants      raw=   60 -> clean=   60
2026-09-25 17:36:32 | INFO    | clean drivers          raw=  120 -> clean=  120
2026-09-25 17:36:32 | INFO    | clean customers        raw=  900 -> clean=  900
2026-09-25 17:36:32 | INFO    | clean tickets          raw=  202 -> clean=  201
2026-09-25 17:36:32 | INFO    | clean restaurant_status raw=  502 -> clean=  500
2026-09-25 17:36:32 | INFO    | clean app_actions      raw= 2365 -> clean= 2365
2026-09-25 17:36:32 | INFO    | clean interventions    raw=  430 -> clean=  430
2026-09-25 17:36:32 | INFO    | clean driver_events    raw=10035 -> clean=10035
2026-09-25 17:36:32 | INFO    | clean dispatch         raw= 1600 -> clean= 1600
2026-09-25 17:36:32 | INFO    |   action orders           final_status           normalise_category (trim, case, spaces->_)              n=5 'Delivered'->'delivered'
2026-09-25 17:36:32 | INFO    |   action orders           traffic_bucket         normalise_category (trim, case, spaces->_)              n=3 'HIGH'->'high'
2026-09-25 17:36:32 | INFO    |   action orders           order_id               drop_conflicting_duplicate_key_rows (keep first)        n=3 3 keys duplicated; differing columns: ['traffic_bucket']
2026-09-25 17:36:32 | INFO    |   action tickets          category               normalise_category (trim, case, spaces->_)              n=2 'ETA issue'->'eta_issue'; 'Late Delivery'->'late_delivery'
2026-09-25 17:36:32 | INFO    |   action tickets          *                      drop_exact_duplicate_rows                               n=1 
2026-09-25 17:36:32 | INFO    |   action restaurant_status status                 normalise_category (trim, case, spaces->_)              n=2 'READY'->'ready'; 'Ready'->'ready'
2026-09-25 17:36:32 | INFO    |   action restaurant_status *                      drop_exact_duplicate_rows                               n=2 
2026-09-25 17:36:32 | WARNING |   unexpected categories in tickets.category: {'eta_issue': 1} (retained + flagged)
2026-09-25 17:36:32 | WARNING |   unexpected categories in restaurant_status.status: {'handoff': 1} (retained + flagged)
2026-09-25 17:36:32 | INFO    | ==============================================================================
2026-09-25 17:36:32 | INFO    | STAGE 4/8 VALIDATE (business rules)
2026-09-25 17:36:32 | INFO    | ==============================================================================
2026-09-25 17:36:32 | INFO    | rule GR-01  WARN    viol=    0 /  1600  One row per business order
2026-09-25 17:36:32 | INFO    | rule ID-01  PASS    viol=    0 /  1600  order_id present and well-formed
2026-09-25 17:36:32 | INFO    | rule ID-02  PASS    viol=    0 /  1600  orders.customer_id maps to a known customer
2026-09-25 17:36:32 | INFO    | rule ID-03  WARN    viol=    3 /  1600  orders.restaurant_id maps to a known restaurant
2026-09-25 17:36:32 | INFO    | rule ID-04  WARN    viol=    3 /  1600  orders.driver_id maps to a known driver
2026-09-25 17:36:32 | INFO    | rule ID-05  WARN    viol=    3 /   201  tickets.order_id maps to an order
2026-09-25 17:36:32 | INFO    | rule ID-06  PASS    viol=    0 /   500  restaurant_status rows map to an order and agree on the restaurant
2026-09-25 17:36:32 | INFO    | rule ID-07  PASS    viol=    0 /  2365  app actions map to an order and its customer
2026-09-25 17:36:32 | INFO    | rule ID-08  PASS    viol=    0 /   430  interventions map to an order
2026-09-25 17:36:32 | INFO    | rule ID-09  PASS    viol=    0 /  1600  orders and Dispatch cover each other
2026-09-25 17:36:32 | INFO    | rule ID-10  PASS    viol=    0 / 10035  driver events map to an order
2026-09-25 17:36:32 | INFO    | rule ST-01  WARN    viol=    0 /  1600  final_status uses an agreed vocabulary
2026-09-25 17:36:32 | INFO    | rule ST-02  WARN    viol=    0 /  1600  traffic_bucket uses an agreed vocabulary
2026-09-25 17:36:32 | INFO    | rule ST-03  PASS    viol=    0 /  1600  weather_bucket uses an agreed vocabulary
2026-09-25 17:36:32 | INFO    | rule ST-04  WARN    viol=    1 /   500  restaurant status uses an agreed vocabulary
2026-09-25 17:36:32 | INFO    | rule ST-05  WARN    viol=    1 /   201  ticket category uses an agreed vocabulary
2026-09-25 17:36:32 | INFO    | rule ST-06  PASS    viol=    0 /  2365  app action_type uses an agreed vocabulary
2026-09-25 17:36:32 | INFO    | rule ST-07  PASS    viol=    0 /   430  intervention_type uses an agreed vocabulary
2026-09-25 17:36:32 | INFO    | rule ST-08  PASS    viol=    0 /  1600  dispatch_status uses an agreed vocabulary
2026-09-25 17:36:32 | INFO    | rule ST-09  PASS    viol=    0 / 10035  driver event type uses an agreed vocabulary
2026-09-25 17:36:32 | INFO    | rule TS-00  PASS    viol=    0 /  1600  KPI timestamps are parseable
2026-09-25 17:36:32 | INFO    | rule TS-01  WARN    viol=    4 /  1600  Promised ETA is after order creation
2026-09-25 17:36:32 | INFO    | rule TS-02  WARN    viol=    5 /  1600  Delivery happens after pickup
2026-09-25 17:36:32 | INFO    | rule TS-03  PASS    viol=    0 /  1600  Pickup happens after order creation
2026-09-25 17:36:32 | INFO    | rule TS-04  WARN    viol=   37 /  1600  Delivered orders carry an actual delivery time
2026-09-25 17:36:32 | INFO    | rule TS-05  PASS    viol=    0 /  1600  Cancelled orders carry no delivery time
2026-09-25 17:36:32 | INFO    | rule TS-06  PASS    viol=    0 /  1600  Dispatch chronology (created <= assigned <= reassigned)
2026-09-25 17:36:32 | INFO    | rule TS-07  WARN    viol=   14 /  1600  Driver-event chronology (assigned <= picked_up <= delivered)
2026-09-25 17:36:32 | INFO    | rule RG-01  PASS    viol=    0 /  1600  Delivery distance is plausible
2026-09-25 17:36:32 | INFO    | rule RG-02  WARN    viol=    2 /    60  Restaurant coordinates are inside the service area
2026-09-25 17:36:32 | INFO    | rule RG-03  WARN    viol=  189 /  5371  GPS pings are inside the service area
2026-09-25 17:36:32 | INFO    | rule RG-04  PASS    viol=    0 /   120  Driver attributes in range
2026-09-25 17:36:32 | INFO    | rule CX-01  WARN    viol=   95 /  1600  orders.driver_id agrees with Dispatch's final driver
2026-09-25 17:36:32 | INFO    | rule CX-02  WARN    viol=    5 /  1532  orders.pickup_at agrees with the driver picked_up event
2026-09-25 17:36:32 | INFO    | rule CX-03  WARN    viol=  234 /   242  Intervention log agrees with Dispatch reassignments
2026-09-25 17:36:32 | INFO    | rule FR-01  WARN    viol=   13 /   500  Restaurant status updates are fresh enough for the intended use
2026-09-25 17:36:32 | INFO    | rule KPI-01 UNKNOWN viol=    0 /     0  'Late' has one agreed definition and owner
2026-09-25 17:36:32 | INFO    | ==============================================================================
2026-09-25 17:36:32 | INFO    | STAGE 5/8 BUSINESS MODEL
2026-09-25 17:36:32 | INFO    | ==============================================================================
2026-09-25 17:36:33 | INFO    | model dim_customer       rows=   900 cols=  3
2026-09-25 17:36:33 | INFO    | model dim_restaurant     rows=    60 cols=  7
2026-09-25 17:36:33 | INFO    | model dim_driver         rows=   120 cols=  4
2026-09-25 17:36:33 | INFO    | model fact_order         rows=  1600 cols= 52
2026-09-25 17:36:33 | INFO    | model fact_event         rows= 21518 cols=  7
2026-09-25 17:36:33 | INFO    | model fact_interaction   rows=  2566 cols=  8
2026-09-25 17:36:33 | INFO    | model fact_intervention  rows=   430 cols=  9
2026-09-25 17:36:33 | INFO    | model order_journey      rows=  1600 cols= 33
2026-09-25 17:36:33 | INFO    | join-check fact_order <- dispatch                               left= 1600 right= 1600 result= 1600 preserved=True
2026-09-25 17:36:33 | INFO    | join-check fact_order <- driver_events (aggregated)             left= 1600 right= 1600 result= 1600 preserved=True
2026-09-25 17:36:33 | INFO    | join-check order_journey <- app_actions (aggregated)            left= 1600 right= 1100 result= 1600 preserved=True
2026-09-25 17:36:33 | INFO    | join-check order_journey <- tickets (aggregated)                left= 1600 right=  198 result= 1600 preserved=True
2026-09-25 17:36:33 | INFO    | join-check order_journey <- interventions (aggregated)          left= 1600 right=  430 result= 1600 preserved=True
2026-09-25 17:36:34 | INFO    | ==============================================================================
2026-09-25 17:36:34 | INFO    | STAGE 6/8 METRICS
2026-09-25 17:36:34 | INFO    | ==============================================================================
2026-09-25 17:36:35 | INFO    | metric M1   Late delivery rate (validated population)                              = 56.33 % (n=837/1486)
2026-09-25 17:36:35 | INFO    | metric M1a  Late delivery rate (historical dashboard definition)                   = 56.39 % (n=843/1495)
2026-09-25 17:36:35 | INFO    | metric M1b  Meaningfully late rate (> 10 min)                                      = 23.15 % (n=344/1486)
2026-09-25 17:36:35 | INFO    | metric M1c  Late delivery rate (sensitivity: back-fill missing delivery time from  = 56.53 % (n=861/1523)
2026-09-25 17:36:35 | INFO    | metric M2   Median lateness among late orders                                      = 8.0 min (n=None/837)
2026-09-25 17:36:35 | INFO    | metric M2a  P90 delay across all validated deliveries                              = 17.9 min (n=None/1486)
2026-09-25 17:36:35 | INFO    | metric M2b  Worst single delay                                                     = 50.3 min (n=None/1486)
2026-09-25 17:36:35 | INFO    | metric M3   Share of lateness accumulated before pickup (vs in transit)            = 98.91 % (n=13150.8/13296.1)
2026-09-25 17:36:35 | INFO    | metric M3a  Median pre-pickup overrun on late orders                               = 13.9 min (n=None/837)
2026-09-25 17:36:35 | INFO    | metric M3b  Median transit overrun on late orders                                  = -5.9 min (n=None/837)
2026-09-25 17:36:35 | INFO    | metric M4   Support contact rate on late orders                                    = 30.7 % (n=257/837)
2026-09-25 17:36:35 | INFO    | metric M4a  Support contact rate on on-time orders                                 = 5.24 % (n=34/649)
2026-09-25 17:36:35 | INFO    | metric M4b  Frustrated journeys with no intervention                               = 218 orders (n=218/293)
2026-09-25 17:36:35 | INFO    | metric M4c  Median ETA views per order (late vs on-time)                           = 1 vs 1 views (n=None/None)
2026-09-25 17:36:35 | INFO    | metric M5   Intervention coverage of delivered orders                              = 26.85 % (n=399/1486)
2026-09-25 17:36:35 | INFO    | metric M5a  Late rate WITH an intervention                                         = 56.39 % (n=225/399)
2026-09-25 17:36:35 | INFO    | metric M5b  Late rate WITHOUT an intervention                                      = 56.3 % (n=612/1087)
2026-09-25 17:36:35 | INFO    | metric M5c  Most common intervention type                                          = DRIVER_REASSIGNMENT (155) type (n=155/430)
2026-09-25 17:36:35 | INFO    | check PASS    KPI denominator > 0 | validated population = 1486
2026-09-25 17:36:35 | INFO    | check PASS    late + on-time == validated population | 837 + 649 == 1486
2026-09-25 17:36:35 | INFO    | check PASS    outcome buckets sum to unique orders | 1600 == 1600
2026-09-25 17:36:35 | INFO    | check PASS    stage decomposition is exact (pre-pickup + transit overrun == delay) | max abs residual = 0.010 min over 1486 orders
2026-09-25 17:36:35 | INFO    | check PASS    independent reconciliation vs client order_outcomes.csv (historical definition) | pipeline late=843 vs reference late=843; max |delay diff| = 0.000 min over 1495 orders
2026-09-25 17:36:35 | INFO    | check PASS    join cardinality: fact_order <- dispatch | left=1600 right=1600 result=1600 (right duplicates dropped=0)
2026-09-25 17:36:35 | INFO    | check PASS    join cardinality: fact_order <- driver_events (aggregated) | left=1600 right=1600 result=1600 (right duplicates dropped=0)
2026-09-25 17:36:35 | INFO    | check PASS    join cardinality: order_journey <- app_actions (aggregated) | left=1600 right=1100 result=1600 (right duplicates dropped=0)
2026-09-25 17:36:35 | INFO    | check PASS    join cardinality: order_journey <- tickets (aggregated) | left=1600 right=198 result=1600 (right duplicates dropped=0)
2026-09-25 17:36:35 | INFO    | check PASS    join cardinality: order_journey <- interventions (aggregated) | left=1600 right=430 result=1600 (right duplicates dropped=0)
2026-09-25 17:36:35 | INFO    | independent SQL check PASS: {'valid_delivered': 1486.0, 'late_orders': 837.0, 'late_rate_pct': 56.33, 'late_over_10_orders': 344.0}
2026-09-25 17:36:35 | INFO    | ==============================================================================
2026-09-25 17:36:35 | INFO    | STAGE 7/8 VALIDATION GATE
2026-09-25 17:36:35 | INFO    | ==============================================================================
2026-09-25 17:36:35 | INFO    | gate PASS     Retrieval completeness
2026-09-25 17:36:35 | WARNING | gate WARN     Business grain (one row per order)
2026-09-25 17:36:35 | WARNING | gate WARN     Timestamp chronology & completeness
2026-09-25 17:36:35 | WARNING | gate UNKNOWN  KPI definition ownership
2026-09-25 17:36:35 | WARNING | gate WARN     Category semantics
2026-09-25 17:36:35 | WARNING | gate WARN     Cross-source mapping
2026-09-25 17:36:35 | WARNING | gate WARN     Freshness (restaurant status feed)
2026-09-25 17:36:35 | INFO    | gate PASS     Metric sanity & independent checks
2026-09-25 17:36:35 | INFO    | GATE OVERALL = WARN | PUBLISH WITH CAVEATS: late delivery rate = 56.33% of 1486 validated deliveries (historical definition: 56.39%). State the definition, the excluded orders and the unresolved owner questions next to the number.
2026-09-25 17:36:35 | INFO    | ==============================================================================
2026-09-25 17:36:35 | INFO    | STAGE 8/8 OUTPUTS
2026-09-25 17:36:35 | INFO    | ==============================================================================
2026-09-25 17:36:38 | INFO    | published run outputs to B:\Trimester-9\FDE\assignment-2\output
2026-09-25 17:36:38 | INFO    | Stopped mock Dispatch API
2026-09-25 17:36:38 | INFO    | run run_example finished with status COMPLETED in 12.9s
